// Jest Snapshot v1, https://goo.gl/fbAQLP

exports[`app: file system create snapshot 1`] = `""`;

exports[`app: file system creates sorted files 1`] = `
Object {
  "children": Array [
    Object {
      "children": Array [
        Object {
          "extension": ".txt",
          "name": "file0.txt",
          "path": "src\\\\from\\\\file0.txt",
          "size": 14,
          "type": "file",
        },
        Object {
          "children": Array [
            Object {
              "extension": ".txt",
              "name": "file1.txt",
              "path": "src\\\\from\\\\folder1\\\\file1.txt",
              "size": 14,
              "type": "file",
            },
            Object {
              "extension": ".txt",
              "name": "file2.txt",
              "path": "src\\\\from\\\\folder1\\\\file2.txt",
              "size": 14,
              "type": "file",
            },
          ],
          "name": "folder1",
          "path": "src\\\\from\\\\folder1",
          "size": 28,
          "type": "directory",
        },
        Object {
          "children": Array [
            Object {
              "children": Array [
                Object {
                  "extension": ".txt",
                  "name": "file3.txt",
                  "path": "src\\\\from\\\\folder2\\\\inner_folder\\\\file3.txt",
                  "size": 14,
                  "type": "file",
                },
              ],
              "name": "inner_folder",
              "path": "src\\\\from\\\\folder2\\\\inner_folder",
              "size": 14,
              "type": "directory",
            },
          ],
          "name": "folder2",
          "path": "src\\\\from\\\\folder2",
          "size": 14,
          "type": "directory",
        },
      ],
      "name": "from",
      "path": "src\\\\from",
      "size": 56,
      "type": "directory",
    },
  ],
  "name": "src",
  "path": "./src",
  "size": 56,
  "type": "directory",
}
`;
